[1m[4mAlignment Demo[0m[1m[4m [0m
left           
    center     
[1m         right[0m[1m [0m
