                 SELECT 0x77, 123, 123e4
     sql_keyword ------
      sql_number        ----
       sql_comma            -
      sql_number              ---
       sql_comma                 -
      sql_number                   -----
Formatted:
SELECT
    0x77,
    123,
    123e4
Cursor offset: 35
