[1m[32mâœ”[0m the following regex101 entries were found:
   format unit_test_log regex std regex101

