Aug 06 14:25:02 2020 -- 835
Aug 06 14:25:02 2020 -- 936
Aug 06 14:25:02 2020 -- 963
Aug 06 14:25:03 2020 -- 109
