[1m[4mshell_exec('echo hi')[0m[1m[4m [0m
hi‚êä                   
