2009-07-20 22:59:27,672:DEBUG:Hello, World!
[7m [0m[7m How are you today?[0m
