[1m[4m[7m Duration [0m[1m[4m [0m
[7m [0m      1us 
[7m     [0m500ms 
[1m[7m        1s[0m[1m [0m
