                 .dump /foo/bar abc
     sql_command -----
