[31m10.112.81.15[0m[31m - - [[0m[31m15/Feb/2013:06:00:31 +0000[0m[31m] "-" 400 0 "-" "-"[0m
