timezone('UTC', '2022-03-02T10:20:30.400bad') 
2022-03-02T10:20:30.400000+0000               
