                 SELECT * FROM (SELECT foo, bar FROM baz ORDER BY foo DESC)
     sql_keyword ------
        sql_oper        -
     sql_keyword          ----
       sql_paren               -
     sql_keyword                ------
       sql_ident                       ---
       sql_comma                          -
       sql_ident                            ---
     sql_keyword                                ----
       sql_ident                                     ---
     sql_keyword                                         -----
     sql_keyword                                               --
       sql_ident                                                  ---
     sql_keyword                                                      ----
       sql_paren                                                          -
Formatted:
SELECT
    *
FROM (
    SELECT
        foo,
        bar
    FROM
        baz
    ORDER BY
        foo DESC
    )
Cursor offset: 112
