    \
err ^ -- invalid escape
split-error: invalid escape
split:
  0 ^ -- \
