[1m[35mâ“˜[0m [1m[35minfo[0m: file is already installed at -- [1m../installer-test-home/.lnav/formats/installed/test_log.json[0m
