Wed May 19 12:00:02 +0000 2021 line 2
Wed May 19 12:00:04 +0000 2021 line 4
Wed May 19 17:00:01 +0000 2021 line 1
/abc/def
Wed May 19 17:00:03 +0000 2021 line 3
/ghi/jkl
