Row 0:
  Column parse_url('https://example.com:100000'): {"error":"invalid-url","url":"https://example.com:100000","reason":"Port number was not a decimal number between 0 and 65535"}
