[31m2009-07-20 22:59:30,221[0m[31m:[0m[31mERROR[0m[31m:Goodbye, World![0m
