[4m                      Min: 0 [0m[4m[42m  [0m[4m 1-23 [0m[4m[43m  [0m[4m 24-48 [0m[4m[41m  [0m[4m 49+[0m[4m             Max: 291690[0m
 Thu Nov 03 00:15:00  [41m [0m[42m [0m[42m [0m[42m [0m[42m [0m[42m [0m[42m [0m[42m [0m[42m [0m[42m [0m [42m [0m[42m [0m [42m [0m [42m [0m[42m [0m[42m [0m[42m [0m[42m [0m           [42m [0m                 [42m [0m    [42m [0m
                      â–² [1m80[0m values in the range [1m0.00[0m-[1m5303.45[0m 
 Thu Nov 03 00:20:00  [43m [0m[42m [0m[42m [0m[42m [0m[42m [0m[42m [0m  [42m [0m  [42m [0m                                            
