Aug 13 08:45:01 2025 -- 123
Aug 13 08:45:01 2025 -- 123
Aug 13 08:45:01 2025 -- 123
Aug 13 08:45:01 2025 -- 125
Aug 13 08:45:01 2025 -- 127
Aug 13 08:45:01 2025 -- 130
Aug 13 08:45:01 2025 -- 130
Aug 13 08:46:10 2025 -- 567
Aug 13 08:46:10 2025 -- 568
Aug 13 08:46:10 2025 -- 568
Aug 13 08:46:11 2025 -- 122
Aug 13 08:46:11 2025 -- 122
Aug 13 08:46:12 2025 -- 212
Aug 13 08:46:12 2025 -- 212
Aug 13 08:46:12 2025 -- 212
Aug 13 08:47:03 2025 -- 904
Aug 13 08:47:03 2025 -- 905
Aug 13 08:47:04 2025 -- 010
Aug 13 08:47:04 2025 -- 010
Aug 13 08:47:05 2025 -- 312
Aug 13 08:47:05 2025 -- 312
Aug 13 08:47:08 2025 -- 444
Aug 13 08:47:08 2025 -- 444
Aug 13 08:50:01 2025 -- 999
Aug 13 08:50:01 2025 -- 999
Aug 13 08:50:02 2025 -- 003
Aug 13 08:50:02 2025 -- 004
Aug 13 08:50:02 2025 -- 010
