[INFO] 2023-10-01T02:39:09+00:00 twv 10.0.0.1  files_antivi Tried to scan non fileâ‹®
[INFO] 2023-10-01T02:39:09+00:00 twv           files_antivi Tried to scan non fileâ‹®
[4m[INFO] [0m[4m2023-10-01T02:50:03+00:00[0m[4m [0m[4mpZp[0m[4m [0m[4m         [0m[4m [0m[4mfulltextsear[0m[4m [0m[4mRequest: PUT http://elasticsearch:9200/nextcloud/_doc/files%3A1780281[0m[4mâ‹®[0m
[INFO] 2023-10-16T01:47:44+00:00 WO0 192...1.1 memories     Memories: Updated item successfullyâ‹®
[INFO] 2023-10-16T01:50:18+00:00 Sbl 192...1.1 files_versio Mark to expire /Documents/phat.txt next version should be 1697407738 or smaller. (prevTimestamp: 1697411338; step: 3600â‹®
