â‹®[7m [0m[7mabc 49 def[0m[7m 0     c.e.foo [0m[7mStarting up service[0m
â‹®[7m [0m[7mabc 49 def[0m[7m 0     c.e.foo [0m[7mShutting down service[0m
  user: steve@example.com
[31mâ‹®[0m[31m [0m[31mabc 49 def[0m[31m 10    c.e.foo [0m[31mlooking bad[0m
