[1m[32mâœ”[0m deleted regex101 entry: [1mzpEnjV[0m
