                 CASE trim(sqrt(2)) WHEN 'one' THEN 1 WHEN 'two' THEN 2 WHEN 'three' THEN 3 ELSE 4 END;
     sql_keyword ----
        sql_func      -------------
       sql_ident      ----
       sql_paren          -
        sql_func           -------
       sql_ident           ----
       sql_paren               -
      sql_number                -
       sql_paren                 -
       sql_paren                  -
     sql_keyword                    ----
      sql_string                         -----
     sql_keyword                               ----
      sql_number                                    -
     sql_keyword                                      ----
      sql_string                                           -----
     sql_keyword                                                 ----
      sql_number                                                      -
     sql_keyword                                                        ----
      sql_string                                                             -------
     sql_keyword                                                                     ----
      sql_number                                                                          -
     sql_keyword                                                                            ----
      sql_number                                                                                 -
     sql_keyword                                                                                   ---
     sql_garbage                                                                                      -
Formatted:
CASE trim(sqrt(2))
    WHEN 'one' THEN 1
    WHEN 'two' THEN 2
    WHEN 'three' THEN 3
    ELSE 4
END;

Cursor offset: 103
