                 SELECT (1 + 2) AS three
     sql_keyword ------
       sql_paren        -
      sql_number         -
        sql_oper           -
      sql_number             -
       sql_paren              -
     sql_keyword                --
       sql_ident                   -----
Formatted:
SELECT (1 + 2) AS three
Cursor offset: 23
