Aug 15 14:03:50 2025 -- 259
Aug 15 14:03:50 2025 -- 259
Aug 15 14:03:50 2025 -- 259
Aug 15 14:03:50 2025 -- 259
Aug 15 14:04:10 2025 -- 394
Aug 15 14:04:35 2025 -- 806
Aug 15 14:04:36 2025 -- 592
Aug 15 14:04:36 2025 -- 592
Aug 15 14:04:40 2025 -- 805
Aug 15 14:04:40 2025 -- 805
Aug 15 14:04:40 2025 -- 805
Aug 15 14:04:40 2025 -- 806
Aug 15 14:04:40 2025 -- 807
Aug 15 14:04:44 2025 -- 247
Aug 15 14:04:53 2025 -- 384
Aug 15 14:04:55 2025 -- 042
Aug 15 14:04:55 2025 -- 780
